[0;40;37m[0;0;0;0t[1;171;171;171tีอออออออออออออออออออออออออออออออออออออออัออออออออออออออออออออออออออออออออออออออธณ [1;30m[1;87;87;87tWelcome to [37m[1;255;255;255twestwick.net [30m[1;87;87;87t... ![0m[0;0;0;0t[1;171;171;171t[9Cณ [1;30m[1;87;87;87tYou are unique visitor #: [0m[0;0;0;0t[1;171;171;171t2004[7Cณณ[39Cณ[38Cณฦอออออออออออออออออออออออออออออออออออออออฯออออออออออออออออออออออออออออออออออออออตณ[78Cณณ[78Cณ